Archive member included to satisfy reference by file (symbol)

d:/program files (x86)/atmel/studio/7.0/toolchain/avr8/avr8-gnu-toolchain/bin/../lib/gcc/avr/5.4.0/avr5\libgcc.a(_exit.o)
                              D:/Program Files (x86)/Atmel/Studio/7.0/Packs/atmel/ATmega_DFP/1.7.374/gcc/dev/atmega32/avr5/crtatmega32.o (exit)
d:/program files (x86)/atmel/studio/7.0/toolchain/avr8/avr8-gnu-toolchain/bin/../lib/gcc/avr/5.4.0/avr5\libgcc.a(_copy_data.o)
                              APP/APP.o (__do_copy_data)
d:/program files (x86)/atmel/studio/7.0/toolchain/avr8/avr8-gnu-toolchain/bin/../lib/gcc/avr/5.4.0/avr5\libgcc.a(_clear_bss.o)
                              APP/APP.o (__do_clear_bss)

Allocating common symbols
Common symbol       size              file

currentState        0x1               APP/APP.o

Discarded input sections

 .data          0x00000000        0x0 D:/Program Files (x86)/Atmel/Studio/7.0/Packs/atmel/ATmega_DFP/1.7.374/gcc/dev/atmega32/avr5/crtatmega32.o
 .bss           0x00000000        0x0 D:/Program Files (x86)/Atmel/Studio/7.0/Packs/atmel/ATmega_DFP/1.7.374/gcc/dev/atmega32/avr5/crtatmega32.o
 .text          0x00000000        0x0 APP/APP.o
 .data          0x00000000        0x0 APP/APP.o
 .bss           0x00000000        0x0 APP/APP.o
 .text          0x00000000        0x0 ECUAL/button/Button_PRG.o
 .data          0x00000000        0x0 ECUAL/button/Button_PRG.o
 .bss           0x00000000        0x0 ECUAL/button/Button_PRG.o
 .text          0x00000000        0x0 ECUAL/traffic_light/traffic_light_PRG.o
 .data          0x00000000        0x0 ECUAL/traffic_light/traffic_light_PRG.o
 .bss           0x00000000        0x0 ECUAL/traffic_light/traffic_light_PRG.o
 .text          0x00000000        0x0 main.o
 .data          0x00000000        0x0 main.o
 .bss           0x00000000        0x0 main.o
 .text          0x00000000        0x0 MCAL/DIO/DIO_PRG.o
 .data          0x00000000        0x0 MCAL/DIO/DIO_PRG.o
 .bss           0x00000000        0x0 MCAL/DIO/DIO_PRG.o
 .text.DIO_setPortDirection
                0x00000000       0x4e MCAL/DIO/DIO_PRG.o
 .text.DIO_setPortValue
                0x00000000       0x1e MCAL/DIO/DIO_PRG.o
 .text          0x00000000        0x0 MCAL/GIE/GIE_PRG.o
 .data          0x00000000        0x0 MCAL/GIE/GIE_PRG.o
 .bss           0x00000000        0x0 MCAL/GIE/GIE_PRG.o
 .text          0x00000000        0x0 MCAL/MILLIS/MILLIS_PRG.o
 .data          0x00000000        0x0 MCAL/MILLIS/MILLIS_PRG.o
 .bss           0x00000000        0x0 MCAL/MILLIS/MILLIS_PRG.o
 .text          0x00000000        0x0 MCAL/MILLIS/TIMERS/TIMERS_PRG.o
 .data          0x00000000        0x0 MCAL/MILLIS/TIMERS/TIMERS_PRG.o
 .bss           0x00000000        0x0 MCAL/MILLIS/TIMERS/TIMERS_PRG.o
 .text.Timer_SetCTC_Callback
                0x00000000       0x3c MCAL/MILLIS/TIMERS/TIMERS_PRG.o
 .text.Timer_SetCTCRegister
                0x00000000       0x12 MCAL/MILLIS/TIMERS/TIMERS_PRG.o
 .text.Timer_GetOVFflag
                0x00000000       0x1e MCAL/MILLIS/TIMERS/TIMERS_PRG.o
 .text.Timer_GetCTCflag
                0x00000000       0x20 MCAL/MILLIS/TIMERS/TIMERS_PRG.o
 .text.Timer_clearOVFflag
                0x00000000       0x1a MCAL/MILLIS/TIMERS/TIMERS_PRG.o
 .text.Timer_clearCTCflag
                0x00000000       0x1a MCAL/MILLIS/TIMERS/TIMERS_PRG.o
 .text          0x00000000        0x0 d:/program files (x86)/atmel/studio/7.0/toolchain/avr8/avr8-gnu-toolchain/bin/../lib/gcc/avr/5.4.0/avr5\libgcc.a(_exit.o)
 .data          0x00000000        0x0 d:/program files (x86)/atmel/studio/7.0/toolchain/avr8/avr8-gnu-toolchain/bin/../lib/gcc/avr/5.4.0/avr5\libgcc.a(_exit.o)
 .bss           0x00000000        0x0 d:/program files (x86)/atmel/studio/7.0/toolchain/avr8/avr8-gnu-toolchain/bin/../lib/gcc/avr/5.4.0/avr5\libgcc.a(_exit.o)
 .text.libgcc.mul
                0x00000000        0x0 d:/program files (x86)/atmel/studio/7.0/toolchain/avr8/avr8-gnu-toolchain/bin/../lib/gcc/avr/5.4.0/avr5\libgcc.a(_exit.o)
 .text.libgcc.div
                0x00000000        0x0 d:/program files (x86)/atmel/studio/7.0/toolchain/avr8/avr8-gnu-toolchain/bin/../lib/gcc/avr/5.4.0/avr5\libgcc.a(_exit.o)
 .text.libgcc   0x00000000        0x0 d:/program files (x86)/atmel/studio/7.0/toolchain/avr8/avr8-gnu-toolchain/bin/../lib/gcc/avr/5.4.0/avr5\libgcc.a(_exit.o)
 .text.libgcc.prologue
                0x00000000        0x0 d:/program files (x86)/atmel/studio/7.0/toolchain/avr8/avr8-gnu-toolchain/bin/../lib/gcc/avr/5.4.0/avr5\libgcc.a(_exit.o)
 .text.libgcc.builtins
                0x00000000        0x0 d:/program files (x86)/atmel/studio/7.0/toolchain/avr8/avr8-gnu-toolchain/bin/../lib/gcc/avr/5.4.0/avr5\libgcc.a(_exit.o)
 .text.libgcc.fmul
                0x00000000        0x0 d:/program files (x86)/atmel/studio/7.0/toolchain/avr8/avr8-gnu-toolchain/bin/../lib/gcc/avr/5.4.0/avr5\libgcc.a(_exit.o)
 .text.libgcc.fixed
                0x00000000        0x0 d:/program files (x86)/atmel/studio/7.0/toolchain/avr8/avr8-gnu-toolchain/bin/../lib/gcc/avr/5.4.0/avr5\libgcc.a(_exit.o)
 .text          0x00000000        0x0 d:/program files (x86)/atmel/studio/7.0/toolchain/avr8/avr8-gnu-toolchain/bin/../lib/gcc/avr/5.4.0/avr5\libgcc.a(_copy_data.o)
 .data          0x00000000        0x0 d:/program files (x86)/atmel/studio/7.0/toolchain/avr8/avr8-gnu-toolchain/bin/../lib/gcc/avr/5.4.0/avr5\libgcc.a(_copy_data.o)
 .bss           0x00000000        0x0 d:/program files (x86)/atmel/studio/7.0/toolchain/avr8/avr8-gnu-toolchain/bin/../lib/gcc/avr/5.4.0/avr5\libgcc.a(_copy_data.o)
 .text.libgcc.mul
                0x00000000        0x0 d:/program files (x86)/atmel/studio/7.0/toolchain/avr8/avr8-gnu-toolchain/bin/../lib/gcc/avr/5.4.0/avr5\libgcc.a(_copy_data.o)
 .text.libgcc.div
                0x00000000        0x0 d:/program files (x86)/atmel/studio/7.0/toolchain/avr8/avr8-gnu-toolchain/bin/../lib/gcc/avr/5.4.0/avr5\libgcc.a(_copy_data.o)
 .text.libgcc   0x00000000        0x0 d:/program files (x86)/atmel/studio/7.0/toolchain/avr8/avr8-gnu-toolchain/bin/../lib/gcc/avr/5.4.0/avr5\libgcc.a(_copy_data.o)
 .text.libgcc.prologue
                0x00000000        0x0 d:/program files (x86)/atmel/studio/7.0/toolchain/avr8/avr8-gnu-toolchain/bin/../lib/gcc/avr/5.4.0/avr5\libgcc.a(_copy_data.o)
 .text.libgcc.builtins
                0x00000000        0x0 d:/program files (x86)/atmel/studio/7.0/toolchain/avr8/avr8-gnu-toolchain/bin/../lib/gcc/avr/5.4.0/avr5\libgcc.a(_copy_data.o)
 .text.libgcc.fmul
                0x00000000        0x0 d:/program files (x86)/atmel/studio/7.0/toolchain/avr8/avr8-gnu-toolchain/bin/../lib/gcc/avr/5.4.0/avr5\libgcc.a(_copy_data.o)
 .text.libgcc.fixed
                0x00000000        0x0 d:/program files (x86)/atmel/studio/7.0/toolchain/avr8/avr8-gnu-toolchain/bin/../lib/gcc/avr/5.4.0/avr5\libgcc.a(_copy_data.o)
 .text          0x00000000        0x0 d:/program files (x86)/atmel/studio/7.0/toolchain/avr8/avr8-gnu-toolchain/bin/../lib/gcc/avr/5.4.0/avr5\libgcc.a(_clear_bss.o)
 .data          0x00000000        0x0 d:/program files (x86)/atmel/studio/7.0/toolchain/avr8/avr8-gnu-toolchain/bin/../lib/gcc/avr/5.4.0/avr5\libgcc.a(_clear_bss.o)
 .bss           0x00000000        0x0 d:/program files (x86)/atmel/studio/7.0/toolchain/avr8/avr8-gnu-toolchain/bin/../lib/gcc/avr/5.4.0/avr5\libgcc.a(_clear_bss.o)
 .text.libgcc.mul
                0x00000000        0x0 d:/program files (x86)/atmel/studio/7.0/toolchain/avr8/avr8-gnu-toolchain/bin/../lib/gcc/avr/5.4.0/avr5\libgcc.a(_clear_bss.o)
 .text.libgcc.div
                0x00000000        0x0 d:/program files (x86)/atmel/studio/7.0/toolchain/avr8/avr8-gnu-toolchain/bin/../lib/gcc/avr/5.4.0/avr5\libgcc.a(_clear_bss.o)
 .text.libgcc   0x00000000        0x0 d:/program files (x86)/atmel/studio/7.0/toolchain/avr8/avr8-gnu-toolchain/bin/../lib/gcc/avr/5.4.0/avr5\libgcc.a(_clear_bss.o)
 .text.libgcc.prologue
                0x00000000        0x0 d:/program files (x86)/atmel/studio/7.0/toolchain/avr8/avr8-gnu-toolchain/bin/../lib/gcc/avr/5.4.0/avr5\libgcc.a(_clear_bss.o)
 .text.libgcc.builtins
                0x00000000        0x0 d:/program files (x86)/atmel/studio/7.0/toolchain/avr8/avr8-gnu-toolchain/bin/../lib/gcc/avr/5.4.0/avr5\libgcc.a(_clear_bss.o)
 .text.libgcc.fmul
                0x00000000        0x0 d:/program files (x86)/atmel/studio/7.0/toolchain/avr8/avr8-gnu-toolchain/bin/../lib/gcc/avr/5.4.0/avr5\libgcc.a(_clear_bss.o)
 .text.libgcc.fixed
                0x00000000        0x0 d:/program files (x86)/atmel/studio/7.0/toolchain/avr8/avr8-gnu-toolchain/bin/../lib/gcc/avr/5.4.0/avr5\libgcc.a(_clear_bss.o)

Memory Configuration

Name             Origin             Length             Attributes
text             0x00000000         0x00008000         xr
data             0x00800060         0x00000800         rw !x
eeprom           0x00810000         0x00000400         rw !x
fuse             0x00820000         0x00000002         rw !x
lock             0x00830000         0x00000400         rw !x
signature        0x00840000         0x00000400         rw !x
user_signatures  0x00850000         0x00000400         rw !x
*default*        0x00000000         0xffffffff

Linker script and memory map

LOAD D:/Program Files (x86)/Atmel/Studio/7.0/Packs/atmel/ATmega_DFP/1.7.374/gcc/dev/atmega32/avr5/crtatmega32.o
LOAD APP/APP.o
LOAD ECUAL/button/Button_PRG.o
LOAD ECUAL/traffic_light/traffic_light_PRG.o
LOAD main.o
LOAD MCAL/DIO/DIO_PRG.o
LOAD MCAL/GIE/GIE_PRG.o
LOAD MCAL/MILLIS/MILLIS_PRG.o
LOAD MCAL/MILLIS/TIMERS/TIMERS_PRG.o
START GROUP
LOAD d:/program files (x86)/atmel/studio/7.0/toolchain/avr8/avr8-gnu-toolchain/bin/../lib/gcc/avr/5.4.0/../../../../avr/lib/avr5\libm.a
END GROUP
START GROUP
LOAD d:/program files (x86)/atmel/studio/7.0/toolchain/avr8/avr8-gnu-toolchain/bin/../lib/gcc/avr/5.4.0/avr5\libgcc.a
LOAD d:/program files (x86)/atmel/studio/7.0/toolchain/avr8/avr8-gnu-toolchain/bin/../lib/gcc/avr/5.4.0/../../../../avr/lib/avr5\libm.a
LOAD d:/program files (x86)/atmel/studio/7.0/toolchain/avr8/avr8-gnu-toolchain/bin/../lib/gcc/avr/5.4.0/../../../../avr/lib/avr5\libc.a
LOAD D:/Program Files (x86)/Atmel/Studio/7.0/Packs/atmel/ATmega_DFP/1.7.374/gcc/dev/atmega32/avr5\libatmega32.a
END GROUP
                0x00000000                __TEXT_REGION_ORIGIN__ = DEFINED (__TEXT_REGION_ORIGIN__)?__TEXT_REGION_ORIGIN__:0x0
                [0x00800060]                __DATA_REGION_ORIGIN__ = DEFINED (__DATA_REGION_ORIGIN__)?__DATA_REGION_ORIGIN__:0x800060
                [0x00008000]                __TEXT_REGION_LENGTH__ = DEFINED (__TEXT_REGION_LENGTH__)?__TEXT_REGION_LENGTH__:0x20000
                [0x00000800]                __DATA_REGION_LENGTH__ = DEFINED (__DATA_REGION_LENGTH__)?__DATA_REGION_LENGTH__:0xffa0
                [0x00000400]                __EEPROM_REGION_LENGTH__ = DEFINED (__EEPROM_REGION_LENGTH__)?__EEPROM_REGION_LENGTH__:0x10000
                [0x00000002]                __FUSE_REGION_LENGTH__ = DEFINED (__FUSE_REGION_LENGTH__)?__FUSE_REGION_LENGTH__:0x400
                0x00000400                __LOCK_REGION_LENGTH__ = DEFINED (__LOCK_REGION_LENGTH__)?__LOCK_REGION_LENGTH__:0x400
                0x00000400                __SIGNATURE_REGION_LENGTH__ = DEFINED (__SIGNATURE_REGION_LENGTH__)?__SIGNATURE_REGION_LENGTH__:0x400
                0x00000400                __USER_SIGNATURE_REGION_LENGTH__ = DEFINED (__USER_SIGNATURE_REGION_LENGTH__)?__USER_SIGNATURE_REGION_LENGTH__:0x400

.hash
 *(.hash)

.dynsym
 *(.dynsym)

.dynstr
 *(.dynstr)

.gnu.version
 *(.gnu.version)

.gnu.version_d
 *(.gnu.version_d)

.gnu.version_r
 *(.gnu.version_r)

.rel.init
 *(.rel.init)

.rela.init
 *(.rela.init)

.rel.text
 *(.rel.text)
 *(.rel.text.*)
 *(.rel.gnu.linkonce.t*)

.rela.text
 *(.rela.text)
 *(.rela.text.*)
 *(.rela.gnu.linkonce.t*)

.rel.fini
 *(.rel.fini)

.rela.fini
 *(.rela.fini)

.rel.rodata
 *(.rel.rodata)
 *(.rel.rodata.*)
 *(.rel.gnu.linkonce.r*)

.rela.rodata
 *(.rela.rodata)
 *(.rela.rodata.*)
 *(.rela.gnu.linkonce.r*)

.rel.data
 *(.rel.data)
 *(.rel.data.*)
 *(.rel.gnu.linkonce.d*)

.rela.data
 *(.rela.data)
 *(.rela.data.*)
 *(.rela.gnu.linkonce.d*)

.rel.ctors
 *(.rel.ctors)

.rela.ctors
 *(.rela.ctors)

.rel.dtors
 *(.rel.dtors)

.rela.dtors
 *(.rela.dtors)

.rel.got
 *(.rel.got)

.rela.got
 *(.rela.got)

.rel.bss
 *(.rel.bss)

.rela.bss
 *(.rela.bss)

.rel.plt
 *(.rel.plt)

.rela.plt
 *(.rela.plt)

.text           0x00000000      0xb46
 *(.vectors)
 .vectors       0x00000000       0x54 D:/Program Files (x86)/Atmel/Studio/7.0/Packs/atmel/ATmega_DFP/1.7.374/gcc/dev/atmega32/avr5/crtatmega32.o
                0x00000000                __vector_default
                0x00000000                __vectors
 *(.vectors)
 *(.progmem.gcc*)
                0x00000054                . = ALIGN (0x2)
                0x00000054                __trampolines_start = .
 *(.trampolines)
 .trampolines   0x00000054        0x0 linker stubs
 *(.trampolines*)
                0x00000054                __trampolines_end = .
 *libprintf_flt.a:*(.progmem.data)
 *libc.a:*(.progmem.data)
 *(.progmem*)
                0x00000054                . = ALIGN (0x2)
 *(.jumptables)
 *(.jumptables*)
 *(.lowtext)
 *(.lowtext*)
                0x00000054                __ctors_start = .
 *(.ctors)
                0x00000054                __ctors_end = .
                0x00000054                __dtors_start = .
 *(.dtors)
                0x00000054                __dtors_end = .
 SORT(*)(.ctors)
 SORT(*)(.dtors)
 *(.init0)
 .init0         0x00000054        0x0 D:/Program Files (x86)/Atmel/Studio/7.0/Packs/atmel/ATmega_DFP/1.7.374/gcc/dev/atmega32/avr5/crtatmega32.o
                0x00000054                __init
 *(.init0)
 *(.init1)
 *(.init1)
 *(.init2)
 .init2         0x00000054        0xc D:/Program Files (x86)/Atmel/Studio/7.0/Packs/atmel/ATmega_DFP/1.7.374/gcc/dev/atmega32/avr5/crtatmega32.o
 *(.init2)
 *(.init3)
 *(.init3)
 *(.init4)
 .init4         0x00000060       0x16 d:/program files (x86)/atmel/studio/7.0/toolchain/avr8/avr8-gnu-toolchain/bin/../lib/gcc/avr/5.4.0/avr5\libgcc.a(_copy_data.o)
                0x00000060                __do_copy_data
 .init4         0x00000076       0x10 d:/program files (x86)/atmel/studio/7.0/toolchain/avr8/avr8-gnu-toolchain/bin/../lib/gcc/avr/5.4.0/avr5\libgcc.a(_clear_bss.o)
                0x00000076                __do_clear_bss
 *(.init4)
 *(.init5)
 *(.init5)
 *(.init6)
 *(.init6)
 *(.init7)
 *(.init7)
 *(.init8)
 *(.init8)
 *(.init9)
 .init9         0x00000086        0x8 D:/Program Files (x86)/Atmel/Studio/7.0/Packs/atmel/ATmega_DFP/1.7.374/gcc/dev/atmega32/avr5/crtatmega32.o
 *(.init9)
 *(.text)
 .text          0x0000008e        0x4 D:/Program Files (x86)/Atmel/Studio/7.0/Packs/atmel/ATmega_DFP/1.7.374/gcc/dev/atmega32/avr5/crtatmega32.o
                0x0000008e                __vector_1
                0x0000008e                __vector_12
                0x0000008e                __bad_interrupt
                0x0000008e                __vector_6
                0x0000008e                __vector_3
                0x0000008e                __vector_13
                0x0000008e                __vector_17
                0x0000008e                __vector_19
                0x0000008e                __vector_7
                0x0000008e                __vector_9
                0x0000008e                __vector_2
                0x0000008e                __vector_15
                0x0000008e                __vector_8
                0x0000008e                __vector_14
                0x0000008e                __vector_16
                0x0000008e                __vector_18
                0x0000008e                __vector_20
                0x00000092                . = ALIGN (0x2)
 *(.text.*)
 .text.init_APP
                0x00000092       0x1e APP/APP.o
                0x00000092                init_APP
 .text.APP_normal_mode
                0x000000b0      0x112 APP/APP.o
                0x000000b0                APP_normal_mode
 .text.APP_pedestrian_mode
                0x000001c2      0x290 APP/APP.o
                0x000001c2                APP_pedestrian_mode
 .text.startApp
                0x00000452       0x42 APP/APP.o
                0x00000452                startApp
 .text.Button_Init
                0x00000494       0x1a ECUAL/button/Button_PRG.o
                0x00000494                Button_Init
 .text.Button_readState
                0x000004ae      0x11a ECUAL/button/Button_PRG.o
                0x000004ae                Button_readState
 .text.TRAFFIC_LIGHT_Init
                0x000005c8       0x24 ECUAL/traffic_light/traffic_light_PRG.o
                0x000005c8                TRAFFIC_LIGHT_Init
 .text.TRAFFIC_LIGHT_Drive
                0x000005ec       0x4e ECUAL/traffic_light/traffic_light_PRG.o
                0x000005ec                TRAFFIC_LIGHT_Drive
 .text.main     0x0000063a        0xa main.o
                0x0000063a                main
 .text.DIO_setPinDirection
                0x00000644       0xd8 MCAL/DIO/DIO_PRG.o
                0x00000644                DIO_setPinDirection
 .text.DIO_setPinValue
                0x0000071c       0xb8 MCAL/DIO/DIO_PRG.o
                0x0000071c                DIO_setPinValue
 .text.DIO_getPinValue
                0x000007d4       0x7a MCAL/DIO/DIO_PRG.o
                0x000007d4                DIO_getPinValue
 .text.GIE_Enable
                0x0000084e        0x8 MCAL/GIE/GIE_PRG.o
                0x0000084e                GIE_Enable
 .text.GIE_Disable
                0x00000856        0x8 MCAL/GIE/GIE_PRG.o
                0x00000856                GIE_Disable
 .text.Millis_INC
                0x0000085e       0x30 MCAL/MILLIS/MILLIS_PRG.o
 .text.Millis_Init
                0x0000088e       0x22 MCAL/MILLIS/MILLIS_PRG.o
                0x0000088e                Millis_Init
 .text.Millis_get
                0x000008b0       0x42 MCAL/MILLIS/MILLIS_PRG.o
                0x000008b0                Millis_get
 .text.Timer_SetPrescaller
                0x000008f2       0x22 MCAL/MILLIS/TIMERS/TIMERS_PRG.o
                0x000008f2                Timer_SetPrescaller
 .text.Timer_SetWaveMode
                0x00000914       0x7e MCAL/MILLIS/TIMERS/TIMERS_PRG.o
                0x00000914                Timer_SetWaveMode
 .text.Timer_Init
                0x00000992       0x1a MCAL/MILLIS/TIMERS/TIMERS_PRG.o
                0x00000992                Timer_Init
 .text.Timer_SetOVF_Callback
                0x000009ac       0x3c MCAL/MILLIS/TIMERS/TIMERS_PRG.o
                0x000009ac                Timer_SetOVF_Callback
 .text.Timer_SetOVFRegister
                0x000009e8       0x12 MCAL/MILLIS/TIMERS/TIMERS_PRG.o
                0x000009e8                Timer_SetOVFRegister
 .text.__vector_11
                0x000009fa       0x52 MCAL/MILLIS/TIMERS/TIMERS_PRG.o
                0x000009fa                __vector_11
 .text.__vector_10
                0x00000a4c       0x52 MCAL/MILLIS/TIMERS/TIMERS_PRG.o
                0x00000a4c                __vector_10
 .text.__vector_5
                0x00000a9e       0x52 MCAL/MILLIS/TIMERS/TIMERS_PRG.o
                0x00000a9e                __vector_5
 .text.__vector_4
                0x00000af0       0x52 MCAL/MILLIS/TIMERS/TIMERS_PRG.o
                0x00000af0                __vector_4
                0x00000b42                . = ALIGN (0x2)
 *(.fini9)
 .fini9         0x00000b42        0x0 d:/program files (x86)/atmel/studio/7.0/toolchain/avr8/avr8-gnu-toolchain/bin/../lib/gcc/avr/5.4.0/avr5\libgcc.a(_exit.o)
                0x00000b42                _exit
                0x00000b42                exit
 *(.fini9)
 *(.fini8)
 *(.fini8)
 *(.fini7)
 *(.fini7)
 *(.fini6)
 *(.fini6)
 *(.fini5)
 *(.fini5)
 *(.fini4)
 *(.fini4)
 *(.fini3)
 *(.fini3)
 *(.fini2)
 *(.fini2)
 *(.fini1)
 *(.fini1)
 *(.fini0)
 .fini0         0x00000b42        0x4 d:/program files (x86)/atmel/studio/7.0/toolchain/avr8/avr8-gnu-toolchain/bin/../lib/gcc/avr/5.4.0/avr5\libgcc.a(_exit.o)
 *(.fini0)
                0x00000b46                _etext = .

.data           0x00800060       0x32 load address 0x00000b46
                0x00800060                PROVIDE (__data_start, .)
 *(.data)
 *(.data*)
 .data.Peds_sign
                0x00800060        0x3 APP/APP.o
                0x00800060                Peds_sign
 .data.Traffic_light
                0x00800063        0x3 APP/APP.o
                0x00800063                Traffic_light
 .data.PEDs_button
                0x00800066       0x10 APP/APP.o
                0x00800066                PEDs_button
 .data.normal_seq
                0x00800076        0x4 APP/APP.o
                0x00800076                normal_seq
 .data.DIO_Registers
                0x0080007a       0x18 MCAL/DIO/DIO_PRG.o
                0x0080007a                DIO_Registers
 *(.gnu.linkonce.d*)
 *(.rodata)
 *(.rodata*)
 *(.gnu.linkonce.r*)
                0x00800092                . = ALIGN (0x2)
                0x00800092                _edata = .
                0x00800092                PROVIDE (__data_end, .)

.bss            0x00800092       0x21
                0x00800092                PROVIDE (__bss_start, .)
 *(.bss)
 *(.bss*)
 .bss.lastTimeYellow.1663
                0x00800092        0x4 APP/APP.o
 .bss.turnoff_ped_mode.1665
                0x00800096        0x1 APP/APP.o
 .bss.state_counter.1664
                0x00800097        0x1 APP/APP.o
 .bss.lastTime.1662
                0x00800098        0x4 APP/APP.o
 .bss.lastTimeYellow.1651
                0x0080009c        0x4 APP/APP.o
 .bss.state_counter.1652
                0x008000a0        0x1 APP/APP.o
 .bss.lastTime.1650
                0x008000a1        0x4 APP/APP.o
 .bss.currentMode
                0x008000a5        0x1 APP/APP.o
                0x008000a5                currentMode
 .bss.millis    0x008000a6        0x4 MCAL/MILLIS/MILLIS_PRG.o
                0x008000a6                millis
 .bss.TIMERS_CTC_ISR
                0x008000aa        0x4 MCAL/MILLIS/TIMERS/TIMERS_PRG.o
                0x008000aa                TIMERS_CTC_ISR
 .bss.TIMERS_NORMAL_ISR
                0x008000ae        0x4 MCAL/MILLIS/TIMERS/TIMERS_PRG.o
                0x008000ae                TIMERS_NORMAL_ISR
 *(COMMON)
 COMMON         0x008000b2        0x1 APP/APP.o
                0x008000b2                currentState
                0x008000b3                PROVIDE (__bss_end, .)
                0x00000b46                __data_load_start = LOADADDR (.data)
                0x00000b78                __data_load_end = (__data_load_start + SIZEOF (.data))

.noinit         0x008000b3        0x0
                [!provide]                PROVIDE (__noinit_start, .)
 *(.noinit*)
                [!provide]                PROVIDE (__noinit_end, .)
                0x008000b3                _end = .
                [!provide]                PROVIDE (__heap_start, .)

.eeprom         0x00810000        0x0
 *(.eeprom*)
                0x00810000                __eeprom_end = .

.fuse
 *(.fuse)
 *(.lfuse)
 *(.hfuse)
 *(.efuse)

.lock
 *(.lock*)

.signature
 *(.signature*)

.user_signatures
 *(.user_signatures*)

.stab
 *(.stab)

.stabstr
 *(.stabstr)

.stab.excl
 *(.stab.excl)

.stab.exclstr
 *(.stab.exclstr)

.stab.index
 *(.stab.index)

.stab.indexstr
 *(.stab.indexstr)

.comment        0x00000000       0x30
 *(.comment)
 .comment       0x00000000       0x30 APP/APP.o
                                 0x31 (size before relaxing)
 .comment       0x00000030       0x31 ECUAL/button/Button_PRG.o
 .comment       0x00000030       0x31 ECUAL/traffic_light/traffic_light_PRG.o
 .comment       0x00000030       0x31 main.o
 .comment       0x00000030       0x31 MCAL/DIO/DIO_PRG.o
 .comment       0x00000030       0x31 MCAL/GIE/GIE_PRG.o
 .comment       0x00000030       0x31 MCAL/MILLIS/MILLIS_PRG.o
 .comment       0x00000030       0x31 MCAL/MILLIS/TIMERS/TIMERS_PRG.o

.note.gnu.avr.deviceinfo
                0x00000000       0x3c
 .note.gnu.avr.deviceinfo
                0x00000000       0x3c D:/Program Files (x86)/Atmel/Studio/7.0/Packs/atmel/ATmega_DFP/1.7.374/gcc/dev/atmega32/avr5/crtatmega32.o

.note.gnu.build-id
 *(.note.gnu.build-id)

.debug
 *(.debug)

.line
 *(.line)

.debug_srcinfo
 *(.debug_srcinfo)

.debug_sfnames
 *(.debug_sfnames)

.debug_aranges  0x00000000      0x1d0
 *(.debug_aranges)
 .debug_aranges
                0x00000000       0x38 APP/APP.o
 .debug_aranges
                0x00000038       0x28 ECUAL/button/Button_PRG.o
 .debug_aranges
                0x00000060       0x28 ECUAL/traffic_light/traffic_light_PRG.o
 .debug_aranges
                0x00000088       0x20 main.o
 .debug_aranges
                0x000000a8       0x40 MCAL/DIO/DIO_PRG.o
 .debug_aranges
                0x000000e8       0x28 MCAL/GIE/GIE_PRG.o
 .debug_aranges
                0x00000110       0x30 MCAL/MILLIS/MILLIS_PRG.o
 .debug_aranges
                0x00000140       0x90 MCAL/MILLIS/TIMERS/TIMERS_PRG.o

.debug_pubnames
 *(.debug_pubnames)

.debug_info     0x00000000     0x1d47
 *(.debug_info .gnu.linkonce.wi.*)
 .debug_info    0x00000000      0x4e6 D:/Program Files (x86)/Atmel/Studio/7.0/Packs/atmel/ATmega_DFP/1.7.374/gcc/dev/atmega32/avr5/crtatmega32.o
 .debug_info    0x000004e6      0x75e APP/APP.o
 .debug_info    0x00000c44      0x24f ECUAL/button/Button_PRG.o
 .debug_info    0x00000e93      0x24f ECUAL/traffic_light/traffic_light_PRG.o
 .debug_info    0x000010e2       0x84 main.o
 .debug_info    0x00001166      0x4b7 MCAL/DIO/DIO_PRG.o
 .debug_info    0x0000161d       0x99 MCAL/GIE/GIE_PRG.o
 .debug_info    0x000016b6      0x245 MCAL/MILLIS/MILLIS_PRG.o
 .debug_info    0x000018fb      0x44c MCAL/MILLIS/TIMERS/TIMERS_PRG.o

.debug_abbrev   0x00000000      0xc1f
 *(.debug_abbrev)
 .debug_abbrev  0x00000000      0x4a3 D:/Program Files (x86)/Atmel/Studio/7.0/Packs/atmel/ATmega_DFP/1.7.374/gcc/dev/atmega32/avr5/crtatmega32.o
 .debug_abbrev  0x000004a3      0x14c APP/APP.o
 .debug_abbrev  0x000005ef      0x105 ECUAL/button/Button_PRG.o
 .debug_abbrev  0x000006f4       0xd7 ECUAL/traffic_light/traffic_light_PRG.o
 .debug_abbrev  0x000007cb       0x68 main.o
 .debug_abbrev  0x00000833      0x14a MCAL/DIO/DIO_PRG.o
 .debug_abbrev  0x0000097d       0x46 MCAL/GIE/GIE_PRG.o
 .debug_abbrev  0x000009c3      0x107 MCAL/MILLIS/MILLIS_PRG.o
 .debug_abbrev  0x00000aca      0x155 MCAL/MILLIS/TIMERS/TIMERS_PRG.o

.debug_line     0x00000000      0xee6
 *(.debug_line .debug_line.* .debug_line_end)
 .debug_line    0x00000000      0x116 D:/Program Files (x86)/Atmel/Studio/7.0/Packs/atmel/ATmega_DFP/1.7.374/gcc/dev/atmega32/avr5/crtatmega32.o
 .debug_line    0x00000116      0x307 APP/APP.o
 .debug_line    0x0000041d      0x1ce ECUAL/button/Button_PRG.o
 .debug_line    0x000005eb      0x13c ECUAL/traffic_light/traffic_light_PRG.o
 .debug_line    0x00000727       0x5b main.o
 .debug_line    0x00000782      0x26b MCAL/DIO/DIO_PRG.o
 .debug_line    0x000009ed       0x84 MCAL/GIE/GIE_PRG.o
 .debug_line    0x00000a71      0x134 MCAL/MILLIS/MILLIS_PRG.o
 .debug_line    0x00000ba5      0x341 MCAL/MILLIS/TIMERS/TIMERS_PRG.o

.debug_frame    0x00000000      0x478
 *(.debug_frame)
 .debug_frame   0x00000000       0x7c APP/APP.o
 .debug_frame   0x0000007c       0x70 ECUAL/button/Button_PRG.o
 .debug_frame   0x000000ec       0x4c ECUAL/traffic_light/traffic_light_PRG.o
 .debug_frame   0x00000138       0x24 main.o
 .debug_frame   0x0000015c       0x64 MCAL/DIO/DIO_PRG.o
 .debug_frame   0x000001c0       0x34 MCAL/GIE/GIE_PRG.o
 .debug_frame   0x000001f4       0x54 MCAL/MILLIS/MILLIS_PRG.o
 .debug_frame   0x00000248      0x230 MCAL/MILLIS/TIMERS/TIMERS_PRG.o

.debug_str      0x00000000      0xa8b
 *(.debug_str)
 .debug_str     0x00000000      0x196 D:/Program Files (x86)/Atmel/Studio/7.0/Packs/atmel/ATmega_DFP/1.7.374/gcc/dev/atmega32/avr5/crtatmega32.o
 .debug_str     0x00000196      0x443 APP/APP.o
                                0x46d (size before relaxing)
 .debug_str     0x000005d9       0x99 ECUAL/button/Button_PRG.o
                                0x370 (size before relaxing)
 .debug_str     0x00000672       0x5c ECUAL/traffic_light/traffic_light_PRG.o
                                0x2fc (size before relaxing)
 .debug_str     0x000006ce       0x11 main.o
                                0x176 (size before relaxing)
 .debug_str     0x000006df      0x111 MCAL/DIO/DIO_PRG.o
                                0x349 (size before relaxing)
 .debug_str     0x000007f0       0x2d MCAL/GIE/GIE_PRG.o
                                0x1ea (size before relaxing)
 .debug_str     0x0000081d      0x125 MCAL/MILLIS/MILLIS_PRG.o
                                0x31a (size before relaxing)
 .debug_str     0x00000942      0x149 MCAL/MILLIS/TIMERS/TIMERS_PRG.o
                                0x411 (size before relaxing)

.debug_loc      0x00000000      0xde8
 *(.debug_loc)
 .debug_loc     0x00000000       0xeb APP/APP.o
 .debug_loc     0x000000eb      0x146 ECUAL/button/Button_PRG.o
 .debug_loc     0x00000231      0x196 ECUAL/traffic_light/traffic_light_PRG.o
 .debug_loc     0x000003c7      0x32f MCAL/DIO/DIO_PRG.o
 .debug_loc     0x000006f6       0x48 MCAL/MILLIS/MILLIS_PRG.o
 .debug_loc     0x0000073e      0x6aa MCAL/MILLIS/TIMERS/TIMERS_PRG.o

.debug_macinfo
 *(.debug_macinfo)

.debug_weaknames
 *(.debug_weaknames)

.debug_funcnames
 *(.debug_funcnames)

.debug_typenames
 *(.debug_typenames)

.debug_varnames
 *(.debug_varnames)

.debug_pubtypes
 *(.debug_pubtypes)

.debug_ranges   0x00000000      0x150
 *(.debug_ranges)
 .debug_ranges  0x00000000       0x28 APP/APP.o
 .debug_ranges  0x00000028       0x18 ECUAL/button/Button_PRG.o
 .debug_ranges  0x00000040       0x18 ECUAL/traffic_light/traffic_light_PRG.o
 .debug_ranges  0x00000058       0x10 main.o
 .debug_ranges  0x00000068       0x30 MCAL/DIO/DIO_PRG.o
 .debug_ranges  0x00000098       0x18 MCAL/GIE/GIE_PRG.o
 .debug_ranges  0x000000b0       0x20 MCAL/MILLIS/MILLIS_PRG.o
 .debug_ranges  0x000000d0       0x80 MCAL/MILLIS/TIMERS/TIMERS_PRG.o

.debug_macro
 *(.debug_macro)
OUTPUT(On-demand Traffic light control.elf elf32-avr)
LOAD linker stubs
