Archive member included to satisfy reference by file (symbol)

d:/program files (x86)/atmel/studio/7.0/toolchain/avr8/avr8-gnu-toolchain/bin/../lib/gcc/avr/5.4.0/avr5\libgcc.a(_exit.o)
                              D:/Program Files (x86)/Atmel/Studio/7.0/Packs/atmel/ATmega_DFP/1.7.374/gcc/dev/atmega32/avr5/crtatmega32.o (exit)
d:/program files (x86)/atmel/studio/7.0/toolchain/avr8/avr8-gnu-toolchain/bin/../lib/gcc/avr/5.4.0/avr5\libgcc.a(_copy_data.o)
                              DIO/DIO_PRG.o (__do_copy_data)
d:/program files (x86)/atmel/studio/7.0/toolchain/avr8/avr8-gnu-toolchain/bin/../lib/gcc/avr/5.4.0/avr5\libgcc.a(_clear_bss.o)
                              MILLIS/MILLIS_PRG.o (__do_clear_bss)

Discarded input sections

 .data          0x00000000        0x0 D:/Program Files (x86)/Atmel/Studio/7.0/Packs/atmel/ATmega_DFP/1.7.374/gcc/dev/atmega32/avr5/crtatmega32.o
 .bss           0x00000000        0x0 D:/Program Files (x86)/Atmel/Studio/7.0/Packs/atmel/ATmega_DFP/1.7.374/gcc/dev/atmega32/avr5/crtatmega32.o
 .text          0x00000000        0x0 DIO/DIO_PRG.o
 .data          0x00000000        0x0 DIO/DIO_PRG.o
 .bss           0x00000000        0x0 DIO/DIO_PRG.o
 .text.DIO_getPinValue
                0x00000000       0x7a DIO/DIO_PRG.o
 .text.DIO_setPortDirection
                0x00000000       0x4e DIO/DIO_PRG.o
 .text.DIO_setPortValue
                0x00000000       0x1e DIO/DIO_PRG.o
 .text          0x00000000        0x0 GIE/GIE_PRG.o
 .data          0x00000000        0x0 GIE/GIE_PRG.o
 .bss           0x00000000        0x0 GIE/GIE_PRG.o
 .text          0x00000000        0x0 main.o
 .data          0x00000000        0x0 main.o
 .bss           0x00000000        0x0 main.o
 .text          0x00000000        0x0 MILLIS/MILLIS_PRG.o
 .data          0x00000000        0x0 MILLIS/MILLIS_PRG.o
 .bss           0x00000000        0x0 MILLIS/MILLIS_PRG.o
 .text          0x00000000        0x0 MILLIS/TIMERS/TIMERS_PRG.o
 .data          0x00000000        0x0 MILLIS/TIMERS/TIMERS_PRG.o
 .bss           0x00000000        0x0 MILLIS/TIMERS/TIMERS_PRG.o
 .text.Timer_SetCTC_Callback
                0x00000000       0x3c MILLIS/TIMERS/TIMERS_PRG.o
 .text.Timer_SetCTCRegister
                0x00000000       0x12 MILLIS/TIMERS/TIMERS_PRG.o
 .text.Timer_GetOVFflag
                0x00000000       0x1e MILLIS/TIMERS/TIMERS_PRG.o
 .text.Timer_GetCTCflag
                0x00000000       0x20 MILLIS/TIMERS/TIMERS_PRG.o
 .text.Timer_clearOVFflag
                0x00000000       0x1a MILLIS/TIMERS/TIMERS_PRG.o
 .text.Timer_clearCTCflag
                0x00000000       0x1a MILLIS/TIMERS/TIMERS_PRG.o
 .text          0x00000000        0x0 Traffic_light/traffic_light_PRG.o
 .data          0x00000000        0x0 Traffic_light/traffic_light_PRG.o
 .bss           0x00000000        0x0 Traffic_light/traffic_light_PRG.o
 .text          0x00000000        0x0 d:/program files (x86)/atmel/studio/7.0/toolchain/avr8/avr8-gnu-toolchain/bin/../lib/gcc/avr/5.4.0/avr5\libgcc.a(_exit.o)
 .data          0x00000000        0x0 d:/program files (x86)/atmel/studio/7.0/toolchain/avr8/avr8-gnu-toolchain/bin/../lib/gcc/avr/5.4.0/avr5\libgcc.a(_exit.o)
 .bss           0x00000000        0x0 d:/program files (x86)/atmel/studio/7.0/toolchain/avr8/avr8-gnu-toolchain/bin/../lib/gcc/avr/5.4.0/avr5\libgcc.a(_exit.o)
 .text.libgcc.mul
                0x00000000        0x0 d:/program files (x86)/atmel/studio/7.0/toolchain/avr8/avr8-gnu-toolchain/bin/../lib/gcc/avr/5.4.0/avr5\libgcc.a(_exit.o)
 .text.libgcc.div
                0x00000000        0x0 d:/program files (x86)/atmel/studio/7.0/toolchain/avr8/avr8-gnu-toolchain/bin/../lib/gcc/avr/5.4.0/avr5\libgcc.a(_exit.o)
 .text.libgcc   0x00000000        0x0 d:/program files (x86)/atmel/studio/7.0/toolchain/avr8/avr8-gnu-toolchain/bin/../lib/gcc/avr/5.4.0/avr5\libgcc.a(_exit.o)
 .text.libgcc.prologue
                0x00000000        0x0 d:/program files (x86)/atmel/studio/7.0/toolchain/avr8/avr8-gnu-toolchain/bin/../lib/gcc/avr/5.4.0/avr5\libgcc.a(_exit.o)
 .text.libgcc.builtins
                0x00000000        0x0 d:/program files (x86)/atmel/studio/7.0/toolchain/avr8/avr8-gnu-toolchain/bin/../lib/gcc/avr/5.4.0/avr5\libgcc.a(_exit.o)
 .text.libgcc.fmul
                0x00000000        0x0 d:/program files (x86)/atmel/studio/7.0/toolchain/avr8/avr8-gnu-toolchain/bin/../lib/gcc/avr/5.4.0/avr5\libgcc.a(_exit.o)
 .text.libgcc.fixed
                0x00000000        0x0 d:/program files (x86)/atmel/studio/7.0/toolchain/avr8/avr8-gnu-toolchain/bin/../lib/gcc/avr/5.4.0/avr5\libgcc.a(_exit.o)
 .text          0x00000000        0x0 d:/program files (x86)/atmel/studio/7.0/toolchain/avr8/avr8-gnu-toolchain/bin/../lib/gcc/avr/5.4.0/avr5\libgcc.a(_copy_data.o)
 .data          0x00000000        0x0 d:/program files (x86)/atmel/studio/7.0/toolchain/avr8/avr8-gnu-toolchain/bin/../lib/gcc/avr/5.4.0/avr5\libgcc.a(_copy_data.o)
 .bss           0x00000000        0x0 d:/program files (x86)/atmel/studio/7.0/toolchain/avr8/avr8-gnu-toolchain/bin/../lib/gcc/avr/5.4.0/avr5\libgcc.a(_copy_data.o)
 .text.libgcc.mul
                0x00000000        0x0 d:/program files (x86)/atmel/studio/7.0/toolchain/avr8/avr8-gnu-toolchain/bin/../lib/gcc/avr/5.4.0/avr5\libgcc.a(_copy_data.o)
 .text.libgcc.div
                0x00000000        0x0 d:/program files (x86)/atmel/studio/7.0/toolchain/avr8/avr8-gnu-toolchain/bin/../lib/gcc/avr/5.4.0/avr5\libgcc.a(_copy_data.o)
 .text.libgcc   0x00000000        0x0 d:/program files (x86)/atmel/studio/7.0/toolchain/avr8/avr8-gnu-toolchain/bin/../lib/gcc/avr/5.4.0/avr5\libgcc.a(_copy_data.o)
 .text.libgcc.prologue
                0x00000000        0x0 d:/program files (x86)/atmel/studio/7.0/toolchain/avr8/avr8-gnu-toolchain/bin/../lib/gcc/avr/5.4.0/avr5\libgcc.a(_copy_data.o)
 .text.libgcc.builtins
                0x00000000        0x0 d:/program files (x86)/atmel/studio/7.0/toolchain/avr8/avr8-gnu-toolchain/bin/../lib/gcc/avr/5.4.0/avr5\libgcc.a(_copy_data.o)
 .text.libgcc.fmul
                0x00000000        0x0 d:/program files (x86)/atmel/studio/7.0/toolchain/avr8/avr8-gnu-toolchain/bin/../lib/gcc/avr/5.4.0/avr5\libgcc.a(_copy_data.o)
 .text.libgcc.fixed
                0x00000000        0x0 d:/program files (x86)/atmel/studio/7.0/toolchain/avr8/avr8-gnu-toolchain/bin/../lib/gcc/avr/5.4.0/avr5\libgcc.a(_copy_data.o)
 .text          0x00000000        0x0 d:/program files (x86)/atmel/studio/7.0/toolchain/avr8/avr8-gnu-toolchain/bin/../lib/gcc/avr/5.4.0/avr5\libgcc.a(_clear_bss.o)
 .data          0x00000000        0x0 d:/program files (x86)/atmel/studio/7.0/toolchain/avr8/avr8-gnu-toolchain/bin/../lib/gcc/avr/5.4.0/avr5\libgcc.a(_clear_bss.o)
 .bss           0x00000000        0x0 d:/program files (x86)/atmel/studio/7.0/toolchain/avr8/avr8-gnu-toolchain/bin/../lib/gcc/avr/5.4.0/avr5\libgcc.a(_clear_bss.o)
 .text.libgcc.mul
                0x00000000        0x0 d:/program files (x86)/atmel/studio/7.0/toolchain/avr8/avr8-gnu-toolchain/bin/../lib/gcc/avr/5.4.0/avr5\libgcc.a(_clear_bss.o)
 .text.libgcc.div
                0x00000000        0x0 d:/program files (x86)/atmel/studio/7.0/toolchain/avr8/avr8-gnu-toolchain/bin/../lib/gcc/avr/5.4.0/avr5\libgcc.a(_clear_bss.o)
 .text.libgcc   0x00000000        0x0 d:/program files (x86)/atmel/studio/7.0/toolchain/avr8/avr8-gnu-toolchain/bin/../lib/gcc/avr/5.4.0/avr5\libgcc.a(_clear_bss.o)
 .text.libgcc.prologue
                0x00000000        0x0 d:/program files (x86)/atmel/studio/7.0/toolchain/avr8/avr8-gnu-toolchain/bin/../lib/gcc/avr/5.4.0/avr5\libgcc.a(_clear_bss.o)
 .text.libgcc.builtins
                0x00000000        0x0 d:/program files (x86)/atmel/studio/7.0/toolchain/avr8/avr8-gnu-toolchain/bin/../lib/gcc/avr/5.4.0/avr5\libgcc.a(_clear_bss.o)
 .text.libgcc.fmul
                0x00000000        0x0 d:/program files (x86)/atmel/studio/7.0/toolchain/avr8/avr8-gnu-toolchain/bin/../lib/gcc/avr/5.4.0/avr5\libgcc.a(_clear_bss.o)
 .text.libgcc.fixed
                0x00000000        0x0 d:/program files (x86)/atmel/studio/7.0/toolchain/avr8/avr8-gnu-toolchain/bin/../lib/gcc/avr/5.4.0/avr5\libgcc.a(_clear_bss.o)

Memory Configuration

Name             Origin             Length             Attributes
text             0x00000000         0x00008000         xr
data             0x00800060         0x00000800         rw !x
eeprom           0x00810000         0x00000400         rw !x
fuse             0x00820000         0x00000002         rw !x
lock             0x00830000         0x00000400         rw !x
signature        0x00840000         0x00000400         rw !x
user_signatures  0x00850000         0x00000400         rw !x
*default*        0x00000000         0xffffffff

Linker script and memory map

LOAD D:/Program Files (x86)/Atmel/Studio/7.0/Packs/atmel/ATmega_DFP/1.7.374/gcc/dev/atmega32/avr5/crtatmega32.o
LOAD DIO/DIO_PRG.o
LOAD GIE/GIE_PRG.o
LOAD main.o
LOAD MILLIS/MILLIS_PRG.o
LOAD MILLIS/TIMERS/TIMERS_PRG.o
LOAD Traffic_light/traffic_light_PRG.o
START GROUP
LOAD d:/program files (x86)/atmel/studio/7.0/toolchain/avr8/avr8-gnu-toolchain/bin/../lib/gcc/avr/5.4.0/../../../../avr/lib/avr5\libm.a
END GROUP
START GROUP
LOAD d:/program files (x86)/atmel/studio/7.0/toolchain/avr8/avr8-gnu-toolchain/bin/../lib/gcc/avr/5.4.0/avr5\libgcc.a
LOAD d:/program files (x86)/atmel/studio/7.0/toolchain/avr8/avr8-gnu-toolchain/bin/../lib/gcc/avr/5.4.0/../../../../avr/lib/avr5\libm.a
LOAD d:/program files (x86)/atmel/studio/7.0/toolchain/avr8/avr8-gnu-toolchain/bin/../lib/gcc/avr/5.4.0/../../../../avr/lib/avr5\libc.a
LOAD D:/Program Files (x86)/Atmel/Studio/7.0/Packs/atmel/ATmega_DFP/1.7.374/gcc/dev/atmega32/avr5\libatmega32.a
END GROUP
                0x00000000                __TEXT_REGION_ORIGIN__ = DEFINED (__TEXT_REGION_ORIGIN__)?__TEXT_REGION_ORIGIN__:0x0
                [0x00800060]                __DATA_REGION_ORIGIN__ = DEFINED (__DATA_REGION_ORIGIN__)?__DATA_REGION_ORIGIN__:0x800060
                [0x00008000]                __TEXT_REGION_LENGTH__ = DEFINED (__TEXT_REGION_LENGTH__)?__TEXT_REGION_LENGTH__:0x20000
                [0x00000800]                __DATA_REGION_LENGTH__ = DEFINED (__DATA_REGION_LENGTH__)?__DATA_REGION_LENGTH__:0xffa0
                [0x00000400]                __EEPROM_REGION_LENGTH__ = DEFINED (__EEPROM_REGION_LENGTH__)?__EEPROM_REGION_LENGTH__:0x10000
                [0x00000002]                __FUSE_REGION_LENGTH__ = DEFINED (__FUSE_REGION_LENGTH__)?__FUSE_REGION_LENGTH__:0x400
                0x00000400                __LOCK_REGION_LENGTH__ = DEFINED (__LOCK_REGION_LENGTH__)?__LOCK_REGION_LENGTH__:0x400
                0x00000400                __SIGNATURE_REGION_LENGTH__ = DEFINED (__SIGNATURE_REGION_LENGTH__)?__SIGNATURE_REGION_LENGTH__:0x400
                0x00000400                __USER_SIGNATURE_REGION_LENGTH__ = DEFINED (__USER_SIGNATURE_REGION_LENGTH__)?__USER_SIGNATURE_REGION_LENGTH__:0x400

.hash
 *(.hash)

.dynsym
 *(.dynsym)

.dynstr
 *(.dynstr)

.gnu.version
 *(.gnu.version)

.gnu.version_d
 *(.gnu.version_d)

.gnu.version_r
 *(.gnu.version_r)

.rel.init
 *(.rel.init)

.rela.init
 *(.rela.init)

.rel.text
 *(.rel.text)
 *(.rel.text.*)
 *(.rel.gnu.linkonce.t*)

.rela.text
 *(.rela.text)
 *(.rela.text.*)
 *(.rela.gnu.linkonce.t*)

.rel.fini
 *(.rel.fini)

.rela.fini
 *(.rela.fini)

.rel.rodata
 *(.rel.rodata)
 *(.rel.rodata.*)
 *(.rel.gnu.linkonce.r*)

.rela.rodata
 *(.rela.rodata)
 *(.rela.rodata.*)
 *(.rela.gnu.linkonce.r*)

.rel.data
 *(.rel.data)
 *(.rel.data.*)
 *(.rel.gnu.linkonce.d*)

.rela.data
 *(.rela.data)
 *(.rela.data.*)
 *(.rela.gnu.linkonce.d*)

.rel.ctors
 *(.rel.ctors)

.rela.ctors
 *(.rela.ctors)

.rel.dtors
 *(.rel.dtors)

.rela.dtors
 *(.rela.dtors)

.rel.got
 *(.rel.got)

.rela.got
 *(.rela.got)

.rel.bss
 *(.rel.bss)

.rela.bss
 *(.rela.bss)

.rel.plt
 *(.rel.plt)

.rela.plt
 *(.rela.plt)

.text           0x00000000      0x620
 *(.vectors)
 .vectors       0x00000000       0x54 D:/Program Files (x86)/Atmel/Studio/7.0/Packs/atmel/ATmega_DFP/1.7.374/gcc/dev/atmega32/avr5/crtatmega32.o
                0x00000000                __vector_default
                0x00000000                __vectors
 *(.vectors)
 *(.progmem.gcc*)
                0x00000054                . = ALIGN (0x2)
                0x00000054                __trampolines_start = .
 *(.trampolines)
 .trampolines   0x00000054        0x0 linker stubs
 *(.trampolines*)
                0x00000054                __trampolines_end = .
 *libprintf_flt.a:*(.progmem.data)
 *libc.a:*(.progmem.data)
 *(.progmem*)
                0x00000054                . = ALIGN (0x2)
 *(.jumptables)
 *(.jumptables*)
 *(.lowtext)
 *(.lowtext*)
                0x00000054                __ctors_start = .
 *(.ctors)
                0x00000054                __ctors_end = .
                0x00000054                __dtors_start = .
 *(.dtors)
                0x00000054                __dtors_end = .
 SORT(*)(.ctors)
 SORT(*)(.dtors)
 *(.init0)
 .init0         0x00000054        0x0 D:/Program Files (x86)/Atmel/Studio/7.0/Packs/atmel/ATmega_DFP/1.7.374/gcc/dev/atmega32/avr5/crtatmega32.o
                0x00000054                __init
 *(.init0)
 *(.init1)
 *(.init1)
 *(.init2)
 .init2         0x00000054        0xc D:/Program Files (x86)/Atmel/Studio/7.0/Packs/atmel/ATmega_DFP/1.7.374/gcc/dev/atmega32/avr5/crtatmega32.o
 *(.init2)
 *(.init3)
 *(.init3)
 *(.init4)
 .init4         0x00000060       0x16 d:/program files (x86)/atmel/studio/7.0/toolchain/avr8/avr8-gnu-toolchain/bin/../lib/gcc/avr/5.4.0/avr5\libgcc.a(_copy_data.o)
                0x00000060                __do_copy_data
 .init4         0x00000076       0x10 d:/program files (x86)/atmel/studio/7.0/toolchain/avr8/avr8-gnu-toolchain/bin/../lib/gcc/avr/5.4.0/avr5\libgcc.a(_clear_bss.o)
                0x00000076                __do_clear_bss
 *(.init4)
 *(.init5)
 *(.init5)
 *(.init6)
 *(.init6)
 *(.init7)
 *(.init7)
 *(.init8)
 *(.init8)
 *(.init9)
 .init9         0x00000086        0x8 D:/Program Files (x86)/Atmel/Studio/7.0/Packs/atmel/ATmega_DFP/1.7.374/gcc/dev/atmega32/avr5/crtatmega32.o
 *(.init9)
 *(.text)
 .text          0x0000008e        0x4 D:/Program Files (x86)/Atmel/Studio/7.0/Packs/atmel/ATmega_DFP/1.7.374/gcc/dev/atmega32/avr5/crtatmega32.o
                0x0000008e                __vector_1
                0x0000008e                __vector_12
                0x0000008e                __bad_interrupt
                0x0000008e                __vector_6
                0x0000008e                __vector_3
                0x0000008e                __vector_13
                0x0000008e                __vector_17
                0x0000008e                __vector_19
                0x0000008e                __vector_7
                0x0000008e                __vector_9
                0x0000008e                __vector_2
                0x0000008e                __vector_15
                0x0000008e                __vector_8
                0x0000008e                __vector_14
                0x0000008e                __vector_16
                0x0000008e                __vector_18
                0x0000008e                __vector_20
                0x00000092                . = ALIGN (0x2)
 *(.text.*)
 .text.DIO_setPinDirection
                0x00000092       0xd8 DIO/DIO_PRG.o
                0x00000092                DIO_setPinDirection
 .text.DIO_setPinValue
                0x0000016a       0xb8 DIO/DIO_PRG.o
                0x0000016a                DIO_setPinValue
 .text.GIE_Enable
                0x00000222        0x8 GIE/GIE_PRG.o
                0x00000222                GIE_Enable
 .text.GIE_Disable
                0x0000022a        0x8 GIE/GIE_PRG.o
                0x0000022a                GIE_Disable
 .text.main     0x00000232       0x94 main.o
                0x00000232                main
 .text.Millis_INC
                0x000002c6       0x30 MILLIS/MILLIS_PRG.o
 .text.Millis_Init
                0x000002f6       0x22 MILLIS/MILLIS_PRG.o
                0x000002f6                Millis_Init
 .text.Millis_get
                0x00000318       0x42 MILLIS/MILLIS_PRG.o
                0x00000318                Millis_get
 .text.Timer_SetPrescaller
                0x0000035a       0x22 MILLIS/TIMERS/TIMERS_PRG.o
                0x0000035a                Timer_SetPrescaller
 .text.Timer_SetWaveMode
                0x0000037c       0x7e MILLIS/TIMERS/TIMERS_PRG.o
                0x0000037c                Timer_SetWaveMode
 .text.Timer_Init
                0x000003fa       0x1a MILLIS/TIMERS/TIMERS_PRG.o
                0x000003fa                Timer_Init
 .text.Timer_SetOVF_Callback
                0x00000414       0x3c MILLIS/TIMERS/TIMERS_PRG.o
                0x00000414                Timer_SetOVF_Callback
 .text.Timer_SetOVFRegister
                0x00000450       0x12 MILLIS/TIMERS/TIMERS_PRG.o
                0x00000450                Timer_SetOVFRegister
 .text.__vector_11
                0x00000462       0x52 MILLIS/TIMERS/TIMERS_PRG.o
                0x00000462                __vector_11
 .text.__vector_10
                0x000004b4       0x52 MILLIS/TIMERS/TIMERS_PRG.o
                0x000004b4                __vector_10
 .text.__vector_5
                0x00000506       0x52 MILLIS/TIMERS/TIMERS_PRG.o
                0x00000506                __vector_5
 .text.__vector_4
                0x00000558       0x52 MILLIS/TIMERS/TIMERS_PRG.o
                0x00000558                __vector_4
 .text.TRAFFIC_LIGHT_Init
                0x000005aa       0x24 Traffic_light/traffic_light_PRG.o
                0x000005aa                TRAFFIC_LIGHT_Init
 .text.TRAFFIC_LIGHT_Drive
                0x000005ce       0x4e Traffic_light/traffic_light_PRG.o
                0x000005ce                TRAFFIC_LIGHT_Drive
                0x0000061c                . = ALIGN (0x2)
 *(.fini9)
 .fini9         0x0000061c        0x0 d:/program files (x86)/atmel/studio/7.0/toolchain/avr8/avr8-gnu-toolchain/bin/../lib/gcc/avr/5.4.0/avr5\libgcc.a(_exit.o)
                0x0000061c                _exit
                0x0000061c                exit
 *(.fini9)
 *(.fini8)
 *(.fini8)
 *(.fini7)
 *(.fini7)
 *(.fini6)
 *(.fini6)
 *(.fini5)
 *(.fini5)
 *(.fini4)
 *(.fini4)
 *(.fini3)
 *(.fini3)
 *(.fini2)
 *(.fini2)
 *(.fini1)
 *(.fini1)
 *(.fini0)
 .fini0         0x0000061c        0x4 d:/program files (x86)/atmel/studio/7.0/toolchain/avr8/avr8-gnu-toolchain/bin/../lib/gcc/avr/5.4.0/avr5\libgcc.a(_exit.o)
 *(.fini0)
                0x00000620                _etext = .

.data           0x00800060       0x18 load address 0x00000620
                0x00800060                PROVIDE (__data_start, .)
 *(.data)
 *(.data*)
 .data.DIO_Registers
                0x00800060       0x18 DIO/DIO_PRG.o
                0x00800060                DIO_Registers
 *(.gnu.linkonce.d*)
 *(.rodata)
 *(.rodata*)
 *(.gnu.linkonce.r*)
                0x00800078                . = ALIGN (0x2)
                0x00800078                _edata = .
                0x00800078                PROVIDE (__data_end, .)

.bss            0x00800078        0xc
                0x00800078                PROVIDE (__bss_start, .)
 *(.bss)
 *(.bss*)
 .bss.millis    0x00800078        0x4 MILLIS/MILLIS_PRG.o
                0x00800078                millis
 .bss.TIMERS_CTC_ISR
                0x0080007c        0x4 MILLIS/TIMERS/TIMERS_PRG.o
                0x0080007c                TIMERS_CTC_ISR
 .bss.TIMERS_NORMAL_ISR
                0x00800080        0x4 MILLIS/TIMERS/TIMERS_PRG.o
                0x00800080                TIMERS_NORMAL_ISR
 *(COMMON)
                0x00800084                PROVIDE (__bss_end, .)
                0x00000620                __data_load_start = LOADADDR (.data)
                0x00000638                __data_load_end = (__data_load_start + SIZEOF (.data))

.noinit         0x00800084        0x0
                [!provide]                PROVIDE (__noinit_start, .)
 *(.noinit*)
                [!provide]                PROVIDE (__noinit_end, .)
                0x00800084                _end = .
                [!provide]                PROVIDE (__heap_start, .)

.eeprom         0x00810000        0x0
 *(.eeprom*)
                0x00810000                __eeprom_end = .

.fuse
 *(.fuse)
 *(.lfuse)
 *(.hfuse)
 *(.efuse)

.lock
 *(.lock*)

.signature
 *(.signature*)

.user_signatures
 *(.user_signatures*)

.stab
 *(.stab)

.stabstr
 *(.stabstr)

.stab.excl
 *(.stab.excl)

.stab.exclstr
 *(.stab.exclstr)

.stab.index
 *(.stab.index)

.stab.indexstr
 *(.stab.indexstr)

.comment        0x00000000       0x30
 *(.comment)
 .comment       0x00000000       0x30 DIO/DIO_PRG.o
                                 0x31 (size before relaxing)
 .comment       0x00000030       0x31 GIE/GIE_PRG.o
 .comment       0x00000030       0x31 main.o
 .comment       0x00000030       0x31 MILLIS/MILLIS_PRG.o
 .comment       0x00000030       0x31 MILLIS/TIMERS/TIMERS_PRG.o
 .comment       0x00000030       0x31 Traffic_light/traffic_light_PRG.o

.note.gnu.avr.deviceinfo
                0x00000000       0x3c
 .note.gnu.avr.deviceinfo
                0x00000000       0x3c D:/Program Files (x86)/Atmel/Studio/7.0/Packs/atmel/ATmega_DFP/1.7.374/gcc/dev/atmega32/avr5/crtatmega32.o

.note.gnu.build-id
 *(.note.gnu.build-id)

.debug
 *(.debug)

.line
 *(.line)

.debug_srcinfo
 *(.debug_srcinfo)

.debug_sfnames
 *(.debug_sfnames)

.debug_aranges  0x00000000      0x170
 *(.debug_aranges)
 .debug_aranges
                0x00000000       0x40 DIO/DIO_PRG.o
 .debug_aranges
                0x00000040       0x28 GIE/GIE_PRG.o
 .debug_aranges
                0x00000068       0x20 main.o
 .debug_aranges
                0x00000088       0x30 MILLIS/MILLIS_PRG.o
 .debug_aranges
                0x000000b8       0x90 MILLIS/TIMERS/TIMERS_PRG.o
 .debug_aranges
                0x00000148       0x28 Traffic_light/traffic_light_PRG.o

.debug_pubnames
 *(.debug_pubnames)

.debug_info     0x00000000     0x15e0
 *(.debug_info .gnu.linkonce.wi.*)
 .debug_info    0x00000000      0x4e6 D:/Program Files (x86)/Atmel/Studio/7.0/Packs/atmel/ATmega_DFP/1.7.374/gcc/dev/atmega32/avr5/crtatmega32.o
 .debug_info    0x000004e6      0x4b7 DIO/DIO_PRG.o
 .debug_info    0x0000099d       0x99 GIE/GIE_PRG.o
 .debug_info    0x00000a36      0x2ca main.o
 .debug_info    0x00000d00      0x245 MILLIS/MILLIS_PRG.o
 .debug_info    0x00000f45      0x44c MILLIS/TIMERS/TIMERS_PRG.o
 .debug_info    0x00001391      0x24f Traffic_light/traffic_light_PRG.o

.debug_abbrev   0x00000000      0xa70
 *(.debug_abbrev)
 .debug_abbrev  0x00000000      0x4a3 D:/Program Files (x86)/Atmel/Studio/7.0/Packs/atmel/ATmega_DFP/1.7.374/gcc/dev/atmega32/avr5/crtatmega32.o
 .debug_abbrev  0x000004a3      0x14a DIO/DIO_PRG.o
 .debug_abbrev  0x000005ed       0x46 GIE/GIE_PRG.o
 .debug_abbrev  0x00000633      0x10a main.o
 .debug_abbrev  0x0000073d      0x107 MILLIS/MILLIS_PRG.o
 .debug_abbrev  0x00000844      0x155 MILLIS/TIMERS/TIMERS_PRG.o
 .debug_abbrev  0x00000999       0xd7 Traffic_light/traffic_light_PRG.o

.debug_line     0x00000000      0xa53
 *(.debug_line .debug_line.* .debug_line_end)
 .debug_line    0x00000000      0x116 D:/Program Files (x86)/Atmel/Studio/7.0/Packs/atmel/ATmega_DFP/1.7.374/gcc/dev/atmega32/avr5/crtatmega32.o
 .debug_line    0x00000116      0x25e DIO/DIO_PRG.o
 .debug_line    0x00000374       0x77 GIE/GIE_PRG.o
 .debug_line    0x000003eb      0x100 main.o
 .debug_line    0x000004eb      0x115 MILLIS/MILLIS_PRG.o
 .debug_line    0x00000600      0x334 MILLIS/TIMERS/TIMERS_PRG.o
 .debug_line    0x00000934      0x11f Traffic_light/traffic_light_PRG.o

.debug_frame    0x00000000      0x39c
 *(.debug_frame)
 .debug_frame   0x00000000       0x64 DIO/DIO_PRG.o
 .debug_frame   0x00000064       0x34 GIE/GIE_PRG.o
 .debug_frame   0x00000098       0x34 main.o
 .debug_frame   0x000000cc       0x54 MILLIS/MILLIS_PRG.o
 .debug_frame   0x00000120      0x230 MILLIS/TIMERS/TIMERS_PRG.o
 .debug_frame   0x00000350       0x4c Traffic_light/traffic_light_PRG.o

.debug_str      0x00000000      0x864
 *(.debug_str)
 .debug_str     0x00000000      0x196 D:/Program Files (x86)/Atmel/Studio/7.0/Packs/atmel/ATmega_DFP/1.7.374/gcc/dev/atmega32/avr5/crtatmega32.o
 .debug_str     0x00000196      0x30b DIO/DIO_PRG.o
                                0x32b (size before relaxing)
 .debug_str     0x000004a1       0x28 GIE/GIE_PRG.o
                                0x1cc (size before relaxing)
 .debug_str     0x000004c9       0xe7 main.o
                                0x298 (size before relaxing)
 .debug_str     0x000005b0      0x120 MILLIS/MILLIS_PRG.o
                                0x2fc (size before relaxing)
 .debug_str     0x000006d0      0x144 MILLIS/TIMERS/TIMERS_PRG.o
                                0x3f3 (size before relaxing)
 .debug_str     0x00000814       0x50 Traffic_light/traffic_light_PRG.o
                                0x2dd (size before relaxing)

.debug_loc      0x00000000      0xc28
 *(.debug_loc)
 .debug_loc     0x00000000      0x32f DIO/DIO_PRG.o
 .debug_loc     0x0000032f       0x71 main.o
 .debug_loc     0x000003a0       0x48 MILLIS/MILLIS_PRG.o
 .debug_loc     0x000003e8      0x6aa MILLIS/TIMERS/TIMERS_PRG.o
 .debug_loc     0x00000a92      0x196 Traffic_light/traffic_light_PRG.o

.debug_macinfo
 *(.debug_macinfo)

.debug_weaknames
 *(.debug_weaknames)

.debug_funcnames
 *(.debug_funcnames)

.debug_typenames
 *(.debug_typenames)

.debug_varnames
 *(.debug_varnames)

.debug_pubtypes
 *(.debug_pubtypes)

.debug_ranges   0x00000000      0x110
 *(.debug_ranges)
 .debug_ranges  0x00000000       0x30 DIO/DIO_PRG.o
 .debug_ranges  0x00000030       0x18 GIE/GIE_PRG.o
 .debug_ranges  0x00000048       0x10 main.o
 .debug_ranges  0x00000058       0x20 MILLIS/MILLIS_PRG.o
 .debug_ranges  0x00000078       0x80 MILLIS/TIMERS/TIMERS_PRG.o
 .debug_ranges  0x000000f8       0x18 Traffic_light/traffic_light_PRG.o

.debug_macro
 *(.debug_macro)
OUTPUT(traffic_light_test.elf elf32-avr)
LOAD linker stubs
